$ playwright test --config=playwright.calculations.config.ts

Running 190 tests using 1 worker

(node:21216) Warning: The 'NO_COLOR' env is ignored due to the 'FORCE_COLOR' env being set.
(Use `node --trace-warnings ...` to show where the warning was created)
  ✓    1 tests/character-classes.test.ts:15:1 › legacy single-class records retain identity and level (8ms)
  ✓    2 tests/character-classes.test.ts:23:3 › multiclass total 4 drives proficiency, expertise, saves and spell statistics (5ms)
  ✓    3 tests/character-classes.test.ts:23:3 › multiclass total 5 drives proficiency, expertise, saves and spell statistics (2ms)
  ✓    4 tests/character-classes.test.ts:23:3 › multiclass total 9 drives proficiency, expertise, saves and spell statistics (3ms)
  ✓    5 tests/character-classes.test.ts:23:3 › multiclass total 13 drives proficiency, expertise, saves and spell statistics (1ms)
  ✓    6 tests/character-classes.test.ts:23:3 › multiclass total 17 drives proficiency, expertise, saves and spell statistics (3ms)
  ✓    7 tests/character-classes.test.ts:23:3 › multiclass total 20 drives proficiency, expertise, saves and spell statistics (2ms)
  ✓    8 tests/character-classes.test.ts:38:3 › invalid class level 0 leaves the record unchanged (5ms)
  ✓    9 tests/character-classes.test.ts:38:3 › invalid class level -1 leaves the record unchanged (1ms)
  ✓   10 tests/character-classes.test.ts:38:3 › invalid class level 1.5 leaves the record unchanged (2ms)
  ✓   11 tests/character-classes.test.ts:38:3 › invalid class level 21 leaves the record unchanged (2ms)
  ✓   12 tests/character-classes.test.ts:38:3 › invalid class level NaN leaves the record unchanged (2ms)
  ✓   13 tests/character-classes.test.ts:38:3 › invalid class level Infinity leaves the record unchanged (5ms)
  ✓   14 tests/character-classes.test.ts:44:1 › total cap, class name, identity, version and primary removal are enforced atomically (6ms)
  ✓   15 tests/character-classes.test.ts:56:1 › independent class edits survive, stale edits conflict and deletion cannot be resurrected (4ms)
  ✓   16 tests/character-classes.test.ts:70:1 › delayed snapshots preserve accepted class edits and removals alongside independent inputs (4ms)
  ✓   17 tests/character-classes.test.ts:80:1 › manual overrides keep their effective values after multiclass edits (1ms)
  ✓   18 tests/character-classes.test.ts:88:1 › legacy Overview level writes adjust primary to the requested total and retain secondary entries (6ms)
  ✓   19 tests/combat-entries.test.ts:5:1 › unlimited records, any subset, Combat ordering and explicit category default (3ms)
  ✓   20 tests/combat-entries.test.ts:12:1 › legacy primary migration and independent selection versions reject stale conflicts (8ms)
  ✓   21 tests/combat-entries.test.ts:19:1 › remove/conversion prune selected records and delayed snapshots cannot revive them (56ms)
  ✓   22 tests/combat-entries.test.ts:27:1 › independent newer entry and selection snapshots merge without overwriting either (139ms)
  ✓   23 tests/conditions.test.ts:6:1 › standard catalogue has all 15 Conditions and contextual linked references (10ms)
  ✓   24 tests/conditions.test.ts:13:1 › independent associations retain versions across remove/re-add and reject stale commands (4ms)
  ✓   25 tests/conditions.test.ts:24:1 › custom names are trimmed, case-insensitive unique and Character-scoped (14ms)
  ✓   26 tests/conditions.test.ts:35:4 › invalid Condition command rejected: {"id":"srd.Prone","standard":"Fake","label":"Prone","deleted":false,"expectedVersion":0} (8ms)
  ✓   27 tests/conditions.test.ts:35:4 › invalid Condition command rejected: {"id":"srd.Prone","standard":"Prone","label":"Renamed","deleted":false,"expectedVersion":0} (4ms)
  ✓   28 tests/conditions.test.ts:35:4 › invalid Condition command rejected: {"id":"srd.Prone","standard":"Prone","label":"Prone","deleted":false,"expectedVersion":-1} (8ms)
  ✓   29 tests/conditions.test.ts:35:4 › invalid Condition command rejected: {"id":"srd.Prone","standard":"Prone","label":"Prone","deleted":false,"expectedVersion":1.5} (4ms)
  ✓   30 tests/conditions.test.ts:35:4 › invalid Condition command rejected: {"id":"custom.11111111-1111-4111-8111-111111111111","standard":null,"label":" ","deleted":false,"exp (2ms)
  ✓   31 tests/conditions.test.ts:35:4 › invalid Condition command rejected: {"id":"custom.11111111-1111-4111-8111-111111111111","standard":null,"label":"xxxxxxxxxxxxxxxxxxxxxxx (4ms)
  ✓   32 tests/conditions.test.ts:35:4 › invalid Condition command rejected: {"id":"srd.Homebrew","standard":null,"label":"Sea Curse","deleted":false,"expectedVersion":0} (2ms)
  ✓   33 tests/conditions.test.ts:38:1 › delayed snapshots cannot resurrect Conditions or erase distinct records (2ms)
  ✓   34 tests/derived-values.test.ts:13:3 › Ability Score 1 yields -5 (1ms)
  ✓   35 tests/derived-values.test.ts:13:3 › Ability Score 8 yields -1 (2ms)
  ✓   36 tests/derived-values.test.ts:13:3 › Ability Score 9 yields -1 (3ms)
  ✓   37 tests/derived-values.test.ts:13:3 › Ability Score 10 yields 0 (1ms)
  ✓   38 tests/derived-values.test.ts:13:3 › Ability Score 11 yields 0 (1ms)
  ✓   39 tests/derived-values.test.ts:13:3 › Ability Score 16 yields 3 (4ms)
  ✓   40 tests/derived-values.test.ts:13:3 › Ability Score 17 yields 3 (3ms)
  ✓   41 tests/derived-values.test.ts:13:3 › Ability Score 20 yields 5 (1ms)
  ✓   42 tests/derived-values.test.ts:13:3 › Ability Score 30 yields 10 (2ms)
  ✓   43 tests/derived-values.test.ts:16:3 › total level 1 yields proficiency 2 (6ms)
  ✓   44 tests/derived-values.test.ts:16:3 › total level 4 yields proficiency 2 (13ms)
  ✓   45 tests/derived-values.test.ts:16:3 › total level 5 yields proficiency 3 (27ms)
  ✓   46 tests/derived-values.test.ts:16:3 › total level 8 yields proficiency 3 (1ms)
  ✓   47 tests/derived-values.test.ts:16:3 › total level 9 yields proficiency 4 (2ms)
  ✓   48 tests/derived-values.test.ts:16:3 › total level 12 yields proficiency 4 (9ms)
  ✓   49 tests/derived-values.test.ts:16:3 › total level 13 yields proficiency 5 (3ms)
  ✓   50 tests/derived-values.test.ts:16:3 › total level 16 yields proficiency 5 (9ms)
  ✓   51 tests/derived-values.test.ts:16:3 › total level 17 yields proficiency 6 (2ms)
  ✓   52 tests/derived-values.test.ts:16:3 › total level 20 yields proficiency 6 (2ms)
  ✓   53 tests/derived-values.test.ts:19:3 › none adds the correct proficiency to a negative Ability modifier (4ms)
  ✓   54 tests/derived-values.test.ts:19:3 › proficient adds the correct proficiency to a negative Ability modifier (14ms)
  ✓   55 tests/derived-values.test.ts:19:3 › expertise adds the correct proficiency to a negative Ability modifier (4ms)
  ✓   56 tests/derived-values.test.ts:29:1 › all skills use their agreed Ability and spell and passive statistics use agreed inputs (14ms)
  ✓   57 tests/derived-values.test.ts:42:5 › ability.strength preserves explicit 0 and reset restores calculation (3ms)
  ✓   58 tests/derived-values.test.ts:42:5 › ability.strength preserves explicit -7 and reset restores calculation (4ms)
  ✓   59 tests/derived-values.test.ts:42:5 › ability.strength preserves explicit 12 and reset restores calculation (4ms)
  ✓   60 tests/derived-values.test.ts:42:5 › ability.dexterity preserves explicit 0 and reset restores calculation (8ms)
  ✓   61 tests/derived-values.test.ts:42:5 › ability.dexterity preserves explicit -7 and reset restores calculation (4ms)
  ✓   62 tests/derived-values.test.ts:42:5 › ability.dexterity preserves explicit 12 and reset restores calculation (1ms)
  ✓   63 tests/derived-values.test.ts:42:5 › ability.constitution preserves explicit 0 and reset restores calculation (1ms)
  ✓   64 tests/derived-values.test.ts:42:5 › ability.constitution preserves explicit -7 and reset restores calculation (1ms)
  ✓   65 tests/derived-values.test.ts:42:5 › ability.constitution preserves explicit 12 and reset restores calculation (1ms)
  ✓   66 tests/derived-values.test.ts:42:5 › ability.intelligence preserves explicit 0 and reset restores calculation (3ms)
  ✓   67 tests/derived-values.test.ts:42:5 › ability.intelligence preserves explicit -7 and reset restores calculation (1ms)
  ✓   68 tests/derived-values.test.ts:42:5 › ability.intelligence preserves explicit 12 and reset restores calculation (1ms)
  ✓   69 tests/derived-values.test.ts:42:5 › ability.wisdom preserves explicit 0 and reset restores calculation (2ms)
  ✓   70 tests/derived-values.test.ts:42:5 › ability.wisdom preserves explicit -7 and reset restores calculation (1ms)
  ✓   71 tests/derived-values.test.ts:42:5 › ability.wisdom preserves explicit 12 and reset restores calculation (1ms)
  ✓   72 tests/derived-values.test.ts:42:5 › ability.charisma preserves explicit 0 and reset restores calculation (1ms)
  ✓   73 tests/derived-values.test.ts:42:5 › ability.charisma preserves explicit -7 and reset restores calculation (1ms)
  ✓   74 tests/derived-values.test.ts:42:5 › ability.charisma preserves explicit 12 and reset restores calculation (1ms)
  ✓   75 tests/derived-values.test.ts:42:5 › save.strength preserves explicit 0 and reset restores calculation (1ms)
  ✓   76 tests/derived-values.test.ts:42:5 › save.strength preserves explicit -7 and reset restores calculation (2ms)
  ✓   77 tests/derived-values.test.ts:42:5 › save.strength preserves explicit 12 and reset restores calculation (1ms)
  ✓   78 tests/derived-values.test.ts:42:5 › save.dexterity preserves explicit 0 and reset restores calculation (2ms)
  ✓   79 tests/derived-values.test.ts:42:5 › save.dexterity preserves explicit -7 and reset restores calculation (37ms)
  ✓   80 tests/derived-values.test.ts:42:5 › save.dexterity preserves explicit 12 and reset restores calculation (7ms)
  ✓   81 tests/derived-values.test.ts:42:5 › save.constitution preserves explicit 0 and reset restores calculation (5ms)
  ✓   82 tests/derived-values.test.ts:42:5 › save.constitution preserves explicit -7 and reset restores calculation (4ms)
  ✓   83 tests/derived-values.test.ts:42:5 › save.constitution preserves explicit 12 and reset restores calculation (14ms)
  ✓   84 tests/derived-values.test.ts:42:5 › save.intelligence preserves explicit 0 and reset restores calculation (3ms)
  ✓   85 tests/derived-values.test.ts:42:5 › save.intelligence preserves explicit -7 and reset restores calculation (7ms)
  ✓   86 tests/derived-values.test.ts:42:5 › save.intelligence preserves explicit 12 and reset restores calculation (11ms)
  ✓   87 tests/derived-values.test.ts:42:5 › save.wisdom preserves explicit 0 and reset restores calculation (7ms)
  ✓   88 tests/derived-values.test.ts:42:5 › save.wisdom preserves explicit -7 and reset restores calculation (4ms)
  ✓   89 tests/derived-values.test.ts:42:5 › save.wisdom preserves explicit 12 and reset restores calculation (5ms)
  ✓   90 tests/derived-values.test.ts:42:5 › save.charisma preserves explicit 0 and reset restores calculation (3ms)
  ✓   91 tests/derived-values.test.ts:42:5 › save.charisma preserves explicit -7 and reset restores calculation (5ms)
  ✓   92 tests/derived-values.test.ts:42:5 › save.charisma preserves explicit 12 and reset restores calculation (2ms)
  ✓   93 tests/derived-values.test.ts:42:5 › skill.acrobatics preserves explicit 0 and reset restores calculation (8ms)
  ✓   94 tests/derived-values.test.ts:42:5 › skill.acrobatics preserves explicit -7 and reset restores calculation (16ms)
  ✓   95 tests/derived-values.test.ts:42:5 › skill.acrobatics preserves explicit 12 and reset restores calculation (3ms)
  ✓   96 tests/derived-values.test.ts:42:5 › skill.animalHandling preserves explicit 0 and reset restores calculation (2ms)
  ✓   97 tests/derived-values.test.ts:42:5 › skill.animalHandling preserves explicit -7 and reset restores calculation (1ms)
  ✓   98 tests/derived-values.test.ts:42:5 › skill.animalHandling preserves explicit 12 and reset restores calculation (2ms)
  ✓   99 tests/derived-values.test.ts:42:5 › skill.arcana preserves explicit 0 and reset restores calculation (1ms)
  ✓  100 tests/derived-values.test.ts:42:5 › skill.arcana preserves explicit -7 and reset restores calculation (2ms)
  ✓  101 tests/derived-values.test.ts:42:5 › skill.arcana preserves explicit 12 and reset restores calculation (2ms)
  ✓  102 tests/derived-values.test.ts:42:5 › skill.athletics preserves explicit 0 and reset restores calculation (1ms)
  ✓  103 tests/derived-values.test.ts:42:5 › skill.athletics preserves explicit -7 and reset restores calculation (2ms)
  ✓  104 tests/derived-values.test.ts:42:5 › skill.athletics preserves explicit 12 and reset restores calculation (1ms)
  ✓  105 tests/derived-values.test.ts:42:5 › skill.deception preserves explicit 0 and reset restores calculation (2ms)
  ✓  106 tests/derived-values.test.ts:42:5 › skill.deception preserves explicit -7 and reset restores calculation (1ms)
  ✓  107 tests/derived-values.test.ts:42:5 › skill.deception preserves explicit 12 and reset restores calculation (1ms)
  ✓  108 tests/derived-values.test.ts:42:5 › skill.history preserves explicit 0 and reset restores calculation (1ms)
  ✓  109 tests/derived-values.test.ts:42:5 › skill.history preserves explicit -7 and reset restores calculation (4ms)
  ✓  110 tests/derived-values.test.ts:42:5 › skill.history preserves explicit 12 and reset restores calculation (2ms)
  ✓  111 tests/derived-values.test.ts:42:5 › skill.insight preserves explicit 0 and reset restores calculation (27ms)
  ✓  112 tests/derived-values.test.ts:42:5 › skill.insight preserves explicit -7 and reset restores calculation (9ms)
  ✓  113 tests/derived-values.test.ts:42:5 › skill.insight preserves explicit 12 and reset restores calculation (4ms)
  ✓  114 tests/derived-values.test.ts:42:5 › skill.intimidation preserves explicit 0 and reset restores calculation (2ms)
  ✓  115 tests/derived-values.test.ts:42:5 › skill.intimidation preserves explicit -7 and reset restores calculation (2ms)
  ✓  116 tests/derived-values.test.ts:42:5 › skill.intimidation preserves explicit 12 and reset restores calculation (5ms)
  ✓  117 tests/derived-values.test.ts:42:5 › skill.investigation preserves explicit 0 and reset restores calculation (2ms)
  ✓  118 tests/derived-values.test.ts:42:5 › skill.investigation preserves explicit -7 and reset restores calculation (2ms)
  ✓  119 tests/derived-values.test.ts:42:5 › skill.investigation preserves explicit 12 and reset restores calculation (3ms)
  ✓  120 tests/derived-values.test.ts:42:5 › skill.medicine preserves explicit 0 and reset restores calculation (3ms)
  ✓  121 tests/derived-values.test.ts:42:5 › skill.medicine preserves explicit -7 and reset restores calculation (7ms)
  ✓  122 tests/derived-values.test.ts:42:5 › skill.medicine preserves explicit 12 and reset restores calculation (4ms)
  ✓  123 tests/derived-values.test.ts:42:5 › skill.nature preserves explicit 0 and reset restores calculation (5ms)
  ✓  124 tests/derived-values.test.ts:42:5 › skill.nature preserves explicit -7 and reset restores calculation (3ms)
  ✓  125 tests/derived-values.test.ts:42:5 › skill.nature preserves explicit 12 and reset restores calculation (4ms)
  ✓  126 tests/derived-values.test.ts:42:5 › skill.perception preserves explicit 0 and reset restores calculation (3ms)
  ✓  127 tests/derived-values.test.ts:42:5 › skill.perception preserves explicit -7 and reset restores calculation (4ms)
  ✓  128 tests/derived-values.test.ts:42:5 › skill.perception preserves explicit 12 and reset restores calculation (1ms)
  ✓  129 tests/derived-values.test.ts:42:5 › skill.performance preserves explicit 0 and reset restores calculation (1ms)
  ✓  130 tests/derived-values.test.ts:42:5 › skill.performance preserves explicit -7 and reset restores calculation (0ms)
  ✓  131 tests/derived-values.test.ts:42:5 › skill.performance preserves explicit 12 and reset restores calculation (2ms)
  ✓  132 tests/derived-values.test.ts:42:5 › skill.persuasion preserves explicit 0 and reset restores calculation (1ms)
  ✓  133 tests/derived-values.test.ts:42:5 › skill.persuasion preserves explicit -7 and reset restores calculation (2ms)
  ✓  134 tests/derived-values.test.ts:42:5 › skill.persuasion preserves explicit 12 and reset restores calculation (2ms)
  ✓  135 tests/derived-values.test.ts:42:5 › skill.religion preserves explicit 0 and reset restores calculation (3ms)
  ✓  136 tests/derived-values.test.ts:42:5 › skill.religion preserves explicit -7 and reset restores calculation (1ms)
  ✓  137 tests/derived-values.test.ts:42:5 › skill.religion preserves explicit 12 and reset restores calculation (0ms)
  ✓  138 tests/derived-values.test.ts:42:5 › skill.sleightOfHand preserves explicit 0 and reset restores calculation (0ms)
  ✓  139 tests/derived-values.test.ts:42:5 › skill.sleightOfHand preserves explicit -7 and reset restores calculation (0ms)
  ✓  140 tests/derived-values.test.ts:42:5 › skill.sleightOfHand preserves explicit 12 and reset restores calculation (0ms)
  ✓  141 tests/derived-values.test.ts:42:5 › skill.stealth preserves explicit 0 and reset restores calculation (0ms)
  ✓  142 tests/derived-values.test.ts:42:5 › skill.stealth preserves explicit -7 and reset restores calculation (0ms)
  ✓  143 tests/derived-values.test.ts:42:5 › skill.stealth preserves explicit 12 and reset restores calculation (2ms)
  ✓  144 tests/derived-values.test.ts:42:5 › skill.survival preserves explicit 0 and reset restores calculation (0ms)
  ✓  145 tests/derived-values.test.ts:42:5 › skill.survival preserves explicit -7 and reset restores calculation (0ms)
  ✓  146 tests/derived-values.test.ts:42:5 › skill.survival preserves explicit 12 and reset restores calculation (0ms)
  ✓  147 tests/derived-values.test.ts:42:5 › proficiencyBonus preserves explicit 0 and reset restores calculation (0ms)
  ✓  148 tests/derived-values.test.ts:42:5 › proficiencyBonus preserves explicit -7 and reset restores calculation (1ms)
  ✓  149 tests/derived-values.test.ts:42:5 › proficiencyBonus preserves explicit 12 and reset restores calculation (0ms)
  ✓  150 tests/derived-values.test.ts:42:5 › passivePerception preserves explicit 0 and reset restores calculation (0ms)
  ✓  151 tests/derived-values.test.ts:42:5 › passivePerception preserves explicit -7 and reset restores calculation (1ms)
  ✓  152 tests/derived-values.test.ts:42:5 › passivePerception preserves explicit 12 and reset restores calculation (0ms)
  ✓  153 tests/derived-values.test.ts:42:5 › initiative preserves explicit 0 and reset restores calculation (0ms)
  ✓  154 tests/derived-values.test.ts:42:5 › initiative preserves explicit -7 and reset restores calculation (1ms)
  ✓  155 tests/derived-values.test.ts:42:5 › initiative preserves explicit 12 and reset restores calculation (0ms)
  ✓  156 tests/derived-values.test.ts:42:5 › spellAttack preserves explicit 0 and reset restores calculation (0ms)
  ✓  157 tests/derived-values.test.ts:42:5 › spellAttack preserves explicit -7 and reset restores calculation (0ms)
  ✓  158 tests/derived-values.test.ts:42:5 › spellAttack preserves explicit 12 and reset restores calculation (0ms)
  ✓  159 tests/derived-values.test.ts:42:5 › spellSaveDC preserves explicit 0 and reset restores calculation (1ms)
  ✓  160 tests/derived-values.test.ts:42:5 › spellSaveDC preserves explicit -7 and reset restores calculation (0ms)
  ✓  161 tests/derived-values.test.ts:42:5 › spellSaveDC preserves explicit 12 and reset restores calculation (0ms)
  ✓  162 tests/derived-values.test.ts:52:1 › effective Ability, proficiency, and Perception overrides flow downstream without mutating inputs (2ms)
  ✓  163 tests/derived-values.test.ts:65:1 › final overrides do not feed unrelated or upstream values (1ms)
  ✓  164 tests/derived-values.test.ts:71:1 › unset spellcasting Ability stays unknown, supports independent zero overrides, and resets to unknown (1ms)
  ✓  165 tests/inventory.test.ts:3:1 › independent items and currency reject stale writes, preserve tombstones and validate amounts (16ms)
  ✓  166 tests/spell-catalog.test.ts:13:1 › official SRD set has 339 unique spells, full level coverage and validated metadata (13ms)
  ✓  167 tests/spell-catalog.test.ts:30:1 › representative rules match independent official PDF anchors, including revised 2024 mechanics (11ms)
  ✓  168 tests/spell-catalog.test.ts:68:1 › floating creature stat blocks stay with their owning spell and outside scaling effects (15ms)
  ✓  169 tests/spell-catalog.test.ts:85:1 › name and all six filters compose, including false flags and cantrips (10ms)
  ✓  170 tests/spell-catalog.test.ts:108:1 › table outcomes preserve source columns and all rows (17ms)
  ✓  171 tests/survival.test.ts:4:3 › damage 20/5 by 3 (5ms)
  ✓  172 tests/survival.test.ts:4:3 › damage 20/5 by 12 (2ms)
  ✓  173 tests/survival.test.ts:4:3 › damage 4/2 by 99 (0ms)
  ✓  174 tests/survival.test.ts:4:3 › damage 0/9 by 9 (4ms)
  ✓  175 tests/survival.test.ts:4:3 › damage 20/0 by 0 (0ms)
  ✓  176 tests/survival.test.ts:9:91 › healing 1+5 (0ms)
  ✓  177 tests/survival.test.ts:9:91 › healing 19+5 (0ms)
  ✓  178 tests/survival.test.ts:9:91 › healing 0+9999 (0ms)
  ✓  179 tests/survival.test.ts:12:1 › corrections, shared history, maximum guard, survival preservation and single undo (1ms)
  ✓  180 tests/survival.test.ts:22:41 › invalid amount -1 (2ms)
  ✓  181 tests/survival.test.ts:22:41 › invalid amount 1.5 (0ms)
  ✓  182 tests/survival.test.ts:22:41 › invalid amount 10000 (1ms)
  ✓  183 tests/survival.test.ts:22:41 › invalid amount NaN (0ms)
  ✓  184 tests/survival.test.ts:25:1 › unknown HP and bounded death saves; downed status never uses colour alone (1ms)
  ✓  185 tests/survival.test.ts:32:1 › delayed snapshots retain the latest accepted survival version (0ms)
  ✓  186 tests/survival.test.ts:38:136 › neutral subtract 20 by 1 (0ms)
  ✓  187 tests/survival.test.ts:38:136 › neutral subtract 3 by 99 (0ms)
  ✓  188 tests/survival.test.ts:38:136 › neutral add 19 by 5 (0ms)
  ✓  189 tests/survival.test.ts:38:136 › neutral subtract 27 by 1 (0ms)
  ✓  190 tests/survival.test.ts:42:1 › bounded initial setup and correction preserve survival trackers (1ms)

  190 passed (6.1s)
