[WebServer] (node:26263) Warning: The 'NO_COLOR' env is ignored due to the 'FORCE_COLOR' env being set.
[WebServer] (Use `node --trace-warnings ...` to show where the warning was created)
[WebServer] $ vite --host 127.0.0.1 --port 4421 --strictPort
[WebServer] (node:26274) Warning: The 'NO_COLOR' env is ignored due to the 'FORCE_COLOR' env being set.
[WebServer] (Use `node --trace-warnings ...` to show where the warning was created)

Running 28 tests using 2 workers

(node:26283) Warning: The 'NO_COLOR' env is ignored due to the 'FORCE_COLOR' env being set.
(Use `node --trace-warnings ...` to show where the warning was created)
(node:26284) Warning: The 'NO_COLOR' env is ignored due to the 'FORCE_COLOR' env being set.
(Use `node --trace-warnings ...` to show where the warning was created)
  ✓   2 [laptop-chromium] › e2e/combat-adapter-contract.spec.ts:6:3 › memory adapter loads records, maps versions, submits conditional writes, rejects conflicts and reports errors (1.1s)
  ✓   1 [laptop-chromium] › e2e/combat-adapter-contract.spec.ts:6:3 › supabase adapter loads records, maps versions, submits conditional writes, rejects conflicts and reports errors (1.4s)
[WebServer] 11:08:57 PM [vite] (client) [console.warn] GoTrueClient@sb-supabase-combat-contract-auth-token:1 (2.116.0) 2026-10-05T22:08:57.845Z Multiple GoTrueClient instances detected in the same browser context. It is not an error, but this should be avoided as it may produce undefined behavior when used concurrently under the same storage key.
  ✓   3 [laptop-chromium] › e2e/combat-catalog.spec.ts:5:1 › weapon template is reviewed, customized, saved, featured and retained after reload (4.1s)
  ✓   4 [laptop-chromium] › e2e/combat-catalog.spec.ts:35:1 › class filters, offline inspection and cancellation leave character combat unchanged (4.6s)
  ✓   5 [laptop-chromium] › e2e/combat-catalog.spec.ts:71:1 › catalog class reference saves through the existing shared Combat path without executing effects (3.6s)
  ✓   7 [laptop-chromium] › e2e/combat-entries.spec.ts:81:1 › failed creation retains the draft and Retry saves it once (3.2s)
  ✓   6 [laptop-chromium] › e2e/combat-entries.spec.ts:42:1 › attacks and actions can be entered, edited, ordered, selected and removed with persistence and keyboard access (8.0s)
  ✓   9 [laptop-chromium] › e2e/combat-entries.spec.ts:126:1 › new typing survives an older save acknowledgement and Retry sends the newer draft (3.1s)
  ✓   8 [laptop-chromium] › e2e/combat-entries.spec.ts:95:1 › two sessions preserve independent records and reject a stale same-record draft before explicit Retry (5.9s)
  ✓  10 [laptop-chromium] › e2e/combat-entries.spec.ts:154:1 › a delayed Party snapshot cannot revive a removed primary attack (2.7s)
  ✓  11 [laptop-chromium] › e2e/combat-entries.spec.ts:182:1 › primary selection, ordering and removal failures expose Retry and keep unrelated records (3.1s)
  ✓  12 [laptop-chromium] › e2e/combat-entries.spec.ts:210:1 › a remote removal preserves unsaved notes until the editor discards them (2.5s)
  ✓  14 [laptop-chromium] › e2e/combat-entries.spec.ts:261:1 › selection conflict preserves intent, recovers after remote removal and can adopt saved selection (5.4s)
(node:26367) Warning: The 'NO_COLOR' env is ignored due to the 'FORCE_COLOR' env being set.
(Use `node --trace-warnings ...` to show where the warning was created)
  ✓  13 [laptop-chromium] › e2e/combat-entries.spec.ts:227:1 › several featured attacks synchronize, order, keyboard select, persist and prune conversions (7.5s)
(node:26373) Warning: The 'NO_COLOR' env is ignored due to the 'FORCE_COLOR' env being set.
(Use `node --trace-warnings ...` to show where the warning was created)
  ✓  15 [phone-chromium] › e2e/combat-adapter-contract.spec.ts:6:3 › memory adapter loads records, maps versions, submits conditional writes, rejects conflicts and reports errors (1.2s)
[WebServer] 11:09:27 PM [vite] (client) [console.warn] GoTrueClient@sb-supabase-combat-contract-auth-token:1 (2.116.0) 2026-10-05T22:09:27.542Z Multiple GoTrueClient instances detected in the same browser context. It is not an error, but this should be avoided as it may produce undefined behavior when used concurrently under the same storage key.
  ✓  16 [phone-chromium] › e2e/combat-adapter-contract.spec.ts:6:3 › supabase adapter loads records, maps versions, submits conditional writes, rejects conflicts and reports errors (1.6s)
  ✓  17 [phone-chromium] › e2e/combat-catalog.spec.ts:5:1 › weapon template is reviewed, customized, saved, featured and retained after reload (3.8s)
  ✓  18 [phone-chromium] › e2e/combat-catalog.spec.ts:35:1 › class filters, offline inspection and cancellation leave character combat unchanged (4.1s)
  ✓  19 [phone-chromium] › e2e/combat-catalog.spec.ts:71:1 › catalog class reference saves through the existing shared Combat path without executing effects (3.7s)
  ✓  21 [phone-chromium] › e2e/combat-entries.spec.ts:81:1 › failed creation retains the draft and Retry saves it once (3.5s)
  ✓  20 [phone-chromium] › e2e/combat-entries.spec.ts:42:1 › attacks and actions can be entered, edited, ordered, selected and removed with persistence and keyboard access (7.2s)
  ✓  23 [phone-chromium] › e2e/combat-entries.spec.ts:126:1 › new typing survives an older save acknowledgement and Retry sends the newer draft (3.7s)
  ✓  22 [phone-chromium] › e2e/combat-entries.spec.ts:95:1 › two sessions preserve independent records and reject a stale same-record draft before explicit Retry (5.9s)
  ✓  24 [phone-chromium] › e2e/combat-entries.spec.ts:154:1 › a delayed Party snapshot cannot revive a removed primary attack (2.8s)
  ✓  25 [phone-chromium] › e2e/combat-entries.spec.ts:182:1 › primary selection, ordering and removal failures expose Retry and keep unrelated records (3.4s)
  ✓  26 [phone-chromium] › e2e/combat-entries.spec.ts:210:1 › a remote removal preserves unsaved notes until the editor discards them (2.5s)
  ✓  28 [phone-chromium] › e2e/combat-entries.spec.ts:261:1 › selection conflict preserves intent, recovers after remote removal and can adopt saved selection (6.3s)
  ✓  27 [phone-chromium] › e2e/combat-entries.spec.ts:227:1 › several featured attacks synchronize, order, keyboard select, persist and prune conversions (7.7s)

  28 passed (1.0m)
