$ playwright test --config=playwright.calculations.config.ts

Running 272 tests using 1 worker

(node:82543) Warning: The 'NO_COLOR' env is ignored due to the 'FORCE_COLOR' env being set.
(Use `node --trace-warnings ...` to show where the warning was created)
  ✓    1 tests/character-classes.test.ts:15:1 › legacy single-class records retain identity and level (4ms)
  ✓    2 tests/character-classes.test.ts:23:3 › multiclass total 4 drives proficiency, expertise, saves and spell statistics (2ms)
  ✓    3 tests/character-classes.test.ts:23:3 › multiclass total 5 drives proficiency, expertise, saves and spell statistics (3ms)
  ✓    4 tests/character-classes.test.ts:23:3 › multiclass total 9 drives proficiency, expertise, saves and spell statistics (1ms)
  ✓    5 tests/character-classes.test.ts:23:3 › multiclass total 13 drives proficiency, expertise, saves and spell statistics (1ms)
  ✓    6 tests/character-classes.test.ts:23:3 › multiclass total 17 drives proficiency, expertise, saves and spell statistics (1ms)
  ✓    7 tests/character-classes.test.ts:23:3 › multiclass total 20 drives proficiency, expertise, saves and spell statistics (1ms)
  ✓    8 tests/character-classes.test.ts:38:3 › invalid class level 0 leaves the record unchanged (1ms)
  ✓    9 tests/character-classes.test.ts:38:3 › invalid class level -1 leaves the record unchanged (0ms)
  ✓   10 tests/character-classes.test.ts:38:3 › invalid class level 1.5 leaves the record unchanged (0ms)
  ✓   11 tests/character-classes.test.ts:38:3 › invalid class level 21 leaves the record unchanged (0ms)
  ✓   12 tests/character-classes.test.ts:38:3 › invalid class level NaN leaves the record unchanged (0ms)
  ✓   13 tests/character-classes.test.ts:38:3 › invalid class level Infinity leaves the record unchanged (0ms)
  ✓   14 tests/character-classes.test.ts:44:1 › total cap, class name, identity, version and primary removal are enforced atomically (2ms)
  ✓   15 tests/character-classes.test.ts:56:1 › independent class edits survive, stale edits conflict and deletion cannot be resurrected (1ms)
  ✓   16 tests/character-classes.test.ts:70:1 › delayed snapshots preserve accepted class edits and removals alongside independent inputs (1ms)
  ✓   17 tests/character-classes.test.ts:80:1 › manual overrides keep their effective values after multiclass edits (0ms)
  ✓   18 tests/character-classes.test.ts:88:1 › legacy Overview level writes adjust primary to the requested total and retain secondary entries (1ms)
  ✓   19 tests/character-magic.test.ts:7:1 › catalog association stores identity and availability without copied catalog rules (1ms)
  ✓   20 tests/character-magic.test.ts:13:1 › independent spell writes, removal and re-add preserve CAS and tombstones (1ms)
  ✓   21 tests/character-magic.test.ts:24:47 › Known has manual state and source (0ms)
  ✓   22 tests/character-magic.test.ts:24:47 › Prepared has manual state and source (0ms)
  ✓   23 tests/character-magic.test.ts:24:47 › Always Prepared has manual state and source (0ms)
  ✓   24 tests/character-magic.test.ts:24:47 › Item granted has manual state and source (0ms)
  ✓   25 tests/character-magic.test.ts:24:47 › Feature granted has manual state and source (0ms)
  ✓   26 tests/character-magic.test.ts:28:1 › Custom Spell editing and removal are scoped to its Character (0ms)
  ✓   27 tests/character-magic.test.ts:34:1 › manual slot configure, delta spend, restore and correction preserve independent levels (1ms)
  ✓   28 tests/character-magic.test.ts:55:15 › invalid Magic command rejected 0 {"kind":"spell","spell":{"id":"fake","catalogId":"fake","name":"","level":0,"availability":"Known","source":"","notes":"","deleted":false},"expectedVersion":0} (0ms)
  ✓   29 tests/character-magic.test.ts:55:15 › invalid Magic command rejected 1 {"kind":"spell","spell":{"id":"srd-5.2.1:acid-splash","catalogId":"srd-5.2.1:acid-splash","name":"copied","level":0,"availability":"Known","source":"","notes":"","deleted (0ms)
  ✓   30 tests/character-magic.test.ts:55:15 › invalid Magic command rejected 2 {"kind":"spell","spell":{"id":"custom.11111111-1111-4111-8111-111111111111","catalogId":null,"name":" ","level":2,"availability":"Known","source":"","notes":"","deleted": (0ms)
  ✓   31 tests/character-magic.test.ts:55:15 › invalid Magic command rejected 3 {"kind":"spell","spell":{"id":"custom.11111111-1111-4111-8111-111111111111","catalogId":null,"name":"Sea Lantern","level":10,"availability":"Known","source":"","notes":"" (0ms)
  ✓   32 tests/character-magic.test.ts:55:15 › invalid Magic command rejected 4 {"kind":"spell","spell":{"id":"custom.11111111-1111-4111-8111-111111111111","catalogId":null,"name":"Sea Lantern","level":2,"availability":"Known","source":"","notes":"xx (0ms)
  ✓   33 tests/character-magic.test.ts:55:15 › invalid Magic command rejected 5 {"kind":"spell","spell":{"id":"custom.11111111-1111-4111-8111-111111111111","catalogId":null,"name":"Sea Lantern","level":2,"availability":"Item granted","source":"","not (0ms)
  ✓   34 tests/character-magic.test.ts:55:15 › invalid Magic command rejected 6 {"kind":"spell","spell":{"id":"custom.11111111-1111-4111-8111-111111111111","catalogId":null,"name":"Sea Lantern","level":2,"availability":"Feature granted","source":""," (0ms)
  ✓   35 tests/character-magic.test.ts:55:15 › invalid Magic command rejected 7 {"kind":"spell","spell":{"id":"custom.11111111-1111-4111-8111-111111111111","catalogId":null,"name":"Sea Lantern","level":2,"availability":"Known","source":"","notes":"", (0ms)
  ✓   36 tests/character-magic.test.ts:55:15 › invalid Magic command rejected 8 {"kind":"spell","spell":{"id":"custom.11111111-1111-4111-8111-111111111111","catalogId":null,"name":"Sea Lantern","level":2,"availability":"Known","source":"","notes":"", (0ms)
  ✓   37 tests/character-magic.test.ts:55:15 › invalid Magic command rejected 9 {"kind":"spell","spell":{"id":"custom.11111111-1111-4111-8111-111111111111","catalogId":null,"name":"Sea Lantern","level":2,"availability":"Known","source":"","notes":"", (0ms)
  ✓   38 tests/character-magic.test.ts:55:15 › invalid Magic command rejected 10 {"kind":"slots","level":0,"action":"configure","maximum":1,"remaining":1,"expectedVersion":0} (0ms)
  ✓   39 tests/character-magic.test.ts:55:15 › invalid Magic command rejected 11 {"kind":"slots","level":1,"action":"configure","maximum":1,"remaining":2,"expectedVersion":0} (0ms)
  ✓   40 tests/character-magic.test.ts:55:15 › invalid Magic command rejected 12 {"kind":"slots","level":1,"action":"configure","maximum":100,"remaining":1,"expectedVersion":0} (0ms)
  ✓   41 tests/character-magic.test.ts:55:15 › invalid Magic command rejected 13 {"kind":"slots","level":1,"action":"configure","maximum":null,"remaining":1,"expectedVersion":0} (0ms)
  ✓   42 tests/character-magic.test.ts:56:1 › delayed snapshots retain accepted slot levels and spell tombstones (0ms)
  ✓   43 tests/character-magic.test.ts:63:1 › Unicode surrounding whitespace normalizes Custom Spell names and granted sources (0ms)
  ✓   44 tests/character-magic.test.ts:72:13 › NBSP-only name rejected (0ms)
  ✓   45 tests/character-magic.test.ts:72:13 › NBSP-only granted source rejected (0ms)
  ✓   46 tests/character-magic.test.ts:74:1 › vertical tabs trim while ordinary lowercase v edges are preserved (0ms)
  ✓   47 tests/character-rests.test.ts:16:1 › Short Rest proposes only eligible non-full saved resources without mutation (0ms)
  ✓   48 tests/character-rests.test.ts:19:1 › Long Rest previews all changes with counts and excludes Dawn, Manual and zero/full records (0ms)
  ✓   49 tests/character-rests.test.ts:22:1 › all selected changes commit together, one Survival version, preserving legacy and unrelated data (1ms)
  ✓   50 tests/character-rests.test.ts:28:1 › individual HP, death-save and resource exclusions impose no version prerequisites (0ms)
  ✓   51 tests/character-rests.test.ts:32:1 › successes and failures are independently selectable; excluded failure and undo survive (0ms)
  ✓   52 tests/character-rests.test.ts:36:109 › stale resource conflicts without any selected writes (0ms)
  ✓   53 tests/character-rests.test.ts:36:109 › stale removed conflicts without any selected writes (0ms)
  ✓   54 tests/character-rests.test.ts:36:109 › stale missing conflicts without any selected writes (0ms)
  ✓   55 tests/character-rests.test.ts:36:109 › stale timing conflicts without any selected writes (0ms)
  ✓   56 tests/character-rests.test.ts:36:109 › stale slots conflicts without any selected writes (0ms)
  ✓   57 tests/character-rests.test.ts:36:109 › stale health conflicts without any selected writes (0ms)
  ✓   58 tests/character-rests.test.ts:36:109 › stale maximum conflicts without any selected writes (0ms)
  ✓   59 tests/character-rests.test.ts:47:1 › unrelated concurrent records and field writes do not block a rest (0ms)
  ✓   60 tests/character-rests.test.ts:51:32 › unknown HP explicitly proposes saved maximum 1 (0ms)
  ✓   61 tests/character-rests.test.ts:51:32 › unknown HP explicitly proposes saved maximum 20 (0ms)
  ✓   62 tests/character-rests.test.ts:55:1 › receipt replay after unrelated actions does not apply recovery twice or undo new spending (0ms)
  ✓   63 tests/character-rests.test.ts:59:1 › same operation identity cannot accept different selection (1ms)
  ✓   64 tests/character-rests.test.ts:62:1 › superseded receipts cannot silently replay old recovery (0ms)
  ✓   65 tests/character-rests.test.ts:67:663 › invalid rest rejected null (0ms)
  ✓   66 tests/character-rests.test.ts:67:663 › invalid rest rejected {} (0ms)
  ✓   67 tests/character-rests.test.ts:67:663 › invalid rest rejected {"operationId":"bad","rest":"Long Rest","changes":[]} (0ms)
  ✓   68 tests/character-rests.test.ts:67:663 › invalid rest rejected {"operationId":"22222222-2222-4222-8222-222222222222","rest":"Long Rest","changes":[]} (0ms)
  ✓   69 tests/character-rests.test.ts:67:663 › invalid rest rejected {"operationId":"22222222-2222-4222-8222-222222222222","rest":"Long Rest","changes":[{"kind":"health","field":"temporary","expectedVersion":3}]} (0ms)
  ✓   70 tests/character-rests.test.ts:67:663 › invalid rest rejected {"operationId":"22222222-2222-4222-8222-222222222222","rest":"Short Rest","changes":[{"kind":"resource","id":"11111111-1111-4111-8111-111111111110","expectedVersion":2},{"kind":"resource","id":"11111111-1111-4111-8111-111111111111","expectedVersion":2},{"kind":"health","field":"current","expectedVersion":3,"maximumVersion":2},{"kind":"health","field":"successes","expectedVersion":3},{"kind":"health","field":"failures","expectedVersion":3},{"kind":"slots","level":1,"expectedVersion":4}]} (0ms)
  ✓   71 tests/character-rests.test.ts:67:663 › invalid rest rejected {"operationId":"22222222-2222-4222-8222-222222222222","rest":"Long Rest","changes":[{"kind":"slots","level":1,"expectedVersion":9007199254740991}]} (0ms)
  ✓   72 tests/character-rests.test.ts:67:663 › invalid rest rejected {"operationId":"22222222-2222-4222-8222-222222222222","rest":"Long Rest","changes":[{"kind":"resource","id":"11111111-1111-4111-8111-111111111110","expectedVersion":2147483647}]} (0ms)
  ✓   73 tests/character-rests.test.ts:67:663 › invalid rest rejected {"operationId":"22222222-2222-4222-8222-222222222222","rest":"Long Rest","changes":[{"kind":"slots","level":1,"expectedVersion":1},{"kind":"slots","level":1,"expectedVersion":1}]} (0ms)
  ✓   74 tests/combat-catalog.test.ts:5:1 › pinned SRD weapons and selected abilities retain source anchors and complete editable templates (50ms)
  ✓   75 tests/combat-catalog.test.ts:24:1 › official weapon-table anchors preserve 2024 base dice, range, properties and mastery (0ms)
  ✓   76 tests/combat-catalog.test.ts:34:1 › name, class, type and inclusive class-level filters compose without enforcing character eligibility (1ms)
  ✓   77 tests/combat-entries.test.ts:5:1 › unlimited records, any subset, Combat ordering and explicit category default (1ms)
  ✓   78 tests/combat-entries.test.ts:12:1 › legacy primary migration and independent selection versions reject stale conflicts (0ms)
  ✓   79 tests/combat-entries.test.ts:19:1 › remove/conversion prune selected records and delayed snapshots cannot revive them (2ms)
  ✓   80 tests/combat-entries.test.ts:27:1 › independent newer entry and selection snapshots merge without overwriting either (0ms)
  ✓   81 tests/conditions.test.ts:6:1 › standard catalogue has all 15 Conditions and contextual linked references (2ms)
  ✓   82 tests/conditions.test.ts:13:1 › independent associations retain versions across remove/re-add and reject stale commands (1ms)
  ✓   83 tests/conditions.test.ts:24:1 › custom names are trimmed, case-insensitive unique and Character-scoped (1ms)
  ✓   84 tests/conditions.test.ts:35:4 › invalid Condition command rejected: {"id":"srd.Prone","standard":"Fake","label":"Prone","deleted":false,"expectedVersion":0} (0ms)
  ✓   85 tests/conditions.test.ts:35:4 › invalid Condition command rejected: {"id":"srd.Prone","standard":"Prone","label":"Renamed","deleted":false,"expectedVersion":0} (0ms)
  ✓   86 tests/conditions.test.ts:35:4 › invalid Condition command rejected: {"id":"srd.Prone","standard":"Prone","label":"Prone","deleted":false,"expectedVersion":-1} (0ms)
  ✓   87 tests/conditions.test.ts:35:4 › invalid Condition command rejected: {"id":"srd.Prone","standard":"Prone","label":"Prone","deleted":false,"expectedVersion":1.5} (0ms)
  ✓   88 tests/conditions.test.ts:35:4 › invalid Condition command rejected: {"id":"custom.11111111-1111-4111-8111-111111111111","standard":null,"label":" ","deleted":false,"exp (0ms)
  ✓   89 tests/conditions.test.ts:35:4 › invalid Condition command rejected: {"id":"custom.11111111-1111-4111-8111-111111111111","standard":null,"label":"xxxxxxxxxxxxxxxxxxxxxxx (0ms)
  ✓   90 tests/conditions.test.ts:35:4 › invalid Condition command rejected: {"id":"srd.Homebrew","standard":null,"label":"Sea Curse","deleted":false,"expectedVersion":0} (0ms)
  ✓   91 tests/conditions.test.ts:38:1 › delayed snapshots cannot resurrect Conditions or erase distinct records (0ms)
  ✓   92 tests/derived-values.test.ts:13:3 › Ability Score 1 yields -5 (0ms)
  ✓   93 tests/derived-values.test.ts:13:3 › Ability Score 8 yields -1 (0ms)
  ✓   94 tests/derived-values.test.ts:13:3 › Ability Score 9 yields -1 (0ms)
  ✓   95 tests/derived-values.test.ts:13:3 › Ability Score 10 yields 0 (0ms)
  ✓   96 tests/derived-values.test.ts:13:3 › Ability Score 11 yields 0 (0ms)
  ✓   97 tests/derived-values.test.ts:13:3 › Ability Score 16 yields 3 (0ms)
  ✓   98 tests/derived-values.test.ts:13:3 › Ability Score 17 yields 3 (0ms)
  ✓   99 tests/derived-values.test.ts:13:3 › Ability Score 20 yields 5 (0ms)
  ✓  100 tests/derived-values.test.ts:13:3 › Ability Score 30 yields 10 (0ms)
  ✓  101 tests/derived-values.test.ts:16:3 › total level 1 yields proficiency 2 (0ms)
  ✓  102 tests/derived-values.test.ts:16:3 › total level 4 yields proficiency 2 (0ms)
  ✓  103 tests/derived-values.test.ts:16:3 › total level 5 yields proficiency 3 (0ms)
  ✓  104 tests/derived-values.test.ts:16:3 › total level 8 yields proficiency 3 (0ms)
  ✓  105 tests/derived-values.test.ts:16:3 › total level 9 yields proficiency 4 (0ms)
  ✓  106 tests/derived-values.test.ts:16:3 › total level 12 yields proficiency 4 (0ms)
  ✓  107 tests/derived-values.test.ts:16:3 › total level 13 yields proficiency 5 (0ms)
  ✓  108 tests/derived-values.test.ts:16:3 › total level 16 yields proficiency 5 (0ms)
  ✓  109 tests/derived-values.test.ts:16:3 › total level 17 yields proficiency 6 (0ms)
  ✓  110 tests/derived-values.test.ts:16:3 › total level 20 yields proficiency 6 (0ms)
  ✓  111 tests/derived-values.test.ts:19:3 › none adds the correct proficiency to a negative Ability modifier (0ms)
  ✓  112 tests/derived-values.test.ts:19:3 › proficient adds the correct proficiency to a negative Ability modifier (0ms)
  ✓  113 tests/derived-values.test.ts:19:3 › expertise adds the correct proficiency to a negative Ability modifier (0ms)
  ✓  114 tests/derived-values.test.ts:29:1 › all skills use their agreed Ability and spell and passive statistics use agreed inputs (2ms)
  ✓  115 tests/derived-values.test.ts:42:5 › ability.strength preserves explicit 0 and reset restores calculation (0ms)
  ✓  116 tests/derived-values.test.ts:42:5 › ability.strength preserves explicit -7 and reset restores calculation (0ms)
  ✓  117 tests/derived-values.test.ts:42:5 › ability.strength preserves explicit 12 and reset restores calculation (0ms)
  ✓  118 tests/derived-values.test.ts:42:5 › ability.dexterity preserves explicit 0 and reset restores calculation (0ms)
  ✓  119 tests/derived-values.test.ts:42:5 › ability.dexterity preserves explicit -7 and reset restores calculation (0ms)
  ✓  120 tests/derived-values.test.ts:42:5 › ability.dexterity preserves explicit 12 and reset restores calculation (0ms)
  ✓  121 tests/derived-values.test.ts:42:5 › ability.constitution preserves explicit 0 and reset restores calculation (0ms)
  ✓  122 tests/derived-values.test.ts:42:5 › ability.constitution preserves explicit -7 and reset restores calculation (0ms)
  ✓  123 tests/derived-values.test.ts:42:5 › ability.constitution preserves explicit 12 and reset restores calculation (0ms)
  ✓  124 tests/derived-values.test.ts:42:5 › ability.intelligence preserves explicit 0 and reset restores calculation (0ms)
  ✓  125 tests/derived-values.test.ts:42:5 › ability.intelligence preserves explicit -7 and reset restores calculation (0ms)
  ✓  126 tests/derived-values.test.ts:42:5 › ability.intelligence preserves explicit 12 and reset restores calculation (0ms)
  ✓  127 tests/derived-values.test.ts:42:5 › ability.wisdom preserves explicit 0 and reset restores calculation (0ms)
  ✓  128 tests/derived-values.test.ts:42:5 › ability.wisdom preserves explicit -7 and reset restores calculation (0ms)
  ✓  129 tests/derived-values.test.ts:42:5 › ability.wisdom preserves explicit 12 and reset restores calculation (0ms)
  ✓  130 tests/derived-values.test.ts:42:5 › ability.charisma preserves explicit 0 and reset restores calculation (0ms)
  ✓  131 tests/derived-values.test.ts:42:5 › ability.charisma preserves explicit -7 and reset restores calculation (0ms)
  ✓  132 tests/derived-values.test.ts:42:5 › ability.charisma preserves explicit 12 and reset restores calculation (0ms)
  ✓  133 tests/derived-values.test.ts:42:5 › save.strength preserves explicit 0 and reset restores calculation (0ms)
  ✓  134 tests/derived-values.test.ts:42:5 › save.strength preserves explicit -7 and reset restores calculation (0ms)
  ✓  135 tests/derived-values.test.ts:42:5 › save.strength preserves explicit 12 and reset restores calculation (0ms)
  ✓  136 tests/derived-values.test.ts:42:5 › save.dexterity preserves explicit 0 and reset restores calculation (0ms)
  ✓  137 tests/derived-values.test.ts:42:5 › save.dexterity preserves explicit -7 and reset restores calculation (0ms)
  ✓  138 tests/derived-values.test.ts:42:5 › save.dexterity preserves explicit 12 and reset restores calculation (0ms)
  ✓  139 tests/derived-values.test.ts:42:5 › save.constitution preserves explicit 0 and reset restores calculation (0ms)
  ✓  140 tests/derived-values.test.ts:42:5 › save.constitution preserves explicit -7 and reset restores calculation (0ms)
  ✓  141 tests/derived-values.test.ts:42:5 › save.constitution preserves explicit 12 and reset restores calculation (0ms)
  ✓  142 tests/derived-values.test.ts:42:5 › save.intelligence preserves explicit 0 and reset restores calculation (0ms)
  ✓  143 tests/derived-values.test.ts:42:5 › save.intelligence preserves explicit -7 and reset restores calculation (0ms)
  ✓  144 tests/derived-values.test.ts:42:5 › save.intelligence preserves explicit 12 and reset restores calculation (0ms)
  ✓  145 tests/derived-values.test.ts:42:5 › save.wisdom preserves explicit 0 and reset restores calculation (0ms)
  ✓  146 tests/derived-values.test.ts:42:5 › save.wisdom preserves explicit -7 and reset restores calculation (0ms)
  ✓  147 tests/derived-values.test.ts:42:5 › save.wisdom preserves explicit 12 and reset restores calculation (0ms)
  ✓  148 tests/derived-values.test.ts:42:5 › save.charisma preserves explicit 0 and reset restores calculation (0ms)
  ✓  149 tests/derived-values.test.ts:42:5 › save.charisma preserves explicit -7 and reset restores calculation (0ms)
  ✓  150 tests/derived-values.test.ts:42:5 › save.charisma preserves explicit 12 and reset restores calculation (0ms)
  ✓  151 tests/derived-values.test.ts:42:5 › skill.acrobatics preserves explicit 0 and reset restores calculation (0ms)
  ✓  152 tests/derived-values.test.ts:42:5 › skill.acrobatics preserves explicit -7 and reset restores calculation (0ms)
  ✓  153 tests/derived-values.test.ts:42:5 › skill.acrobatics preserves explicit 12 and reset restores calculation (0ms)
  ✓  154 tests/derived-values.test.ts:42:5 › skill.animalHandling preserves explicit 0 and reset restores calculation (0ms)
  ✓  155 tests/derived-values.test.ts:42:5 › skill.animalHandling preserves explicit -7 and reset restores calculation (0ms)
  ✓  156 tests/derived-values.test.ts:42:5 › skill.animalHandling preserves explicit 12 and reset restores calculation (0ms)
  ✓  157 tests/derived-values.test.ts:42:5 › skill.arcana preserves explicit 0 and reset restores calculation (0ms)
  ✓  158 tests/derived-values.test.ts:42:5 › skill.arcana preserves explicit -7 and reset restores calculation (0ms)
  ✓  159 tests/derived-values.test.ts:42:5 › skill.arcana preserves explicit 12 and reset restores calculation (0ms)
  ✓  160 tests/derived-values.test.ts:42:5 › skill.athletics preserves explicit 0 and reset restores calculation (0ms)
  ✓  161 tests/derived-values.test.ts:42:5 › skill.athletics preserves explicit -7 and reset restores calculation (0ms)
  ✓  162 tests/derived-values.test.ts:42:5 › skill.athletics preserves explicit 12 and reset restores calculation (0ms)
  ✓  163 tests/derived-values.test.ts:42:5 › skill.deception preserves explicit 0 and reset restores calculation (0ms)
  ✓  164 tests/derived-values.test.ts:42:5 › skill.deception preserves explicit -7 and reset restores calculation (0ms)
  ✓  165 tests/derived-values.test.ts:42:5 › skill.deception preserves explicit 12 and reset restores calculation (0ms)
  ✓  166 tests/derived-values.test.ts:42:5 › skill.history preserves explicit 0 and reset restores calculation (0ms)
  ✓  167 tests/derived-values.test.ts:42:5 › skill.history preserves explicit -7 and reset restores calculation (0ms)
  ✓  168 tests/derived-values.test.ts:42:5 › skill.history preserves explicit 12 and reset restores calculation (0ms)
  ✓  169 tests/derived-values.test.ts:42:5 › skill.insight preserves explicit 0 and reset restores calculation (0ms)
  ✓  170 tests/derived-values.test.ts:42:5 › skill.insight preserves explicit -7 and reset restores calculation (0ms)
  ✓  171 tests/derived-values.test.ts:42:5 › skill.insight preserves explicit 12 and reset restores calculation (0ms)
  ✓  172 tests/derived-values.test.ts:42:5 › skill.intimidation preserves explicit 0 and reset restores calculation (0ms)
  ✓  173 tests/derived-values.test.ts:42:5 › skill.intimidation preserves explicit -7 and reset restores calculation (0ms)
  ✓  174 tests/derived-values.test.ts:42:5 › skill.intimidation preserves explicit 12 and reset restores calculation (0ms)
  ✓  175 tests/derived-values.test.ts:42:5 › skill.investigation preserves explicit 0 and reset restores calculation (0ms)
  ✓  176 tests/derived-values.test.ts:42:5 › skill.investigation preserves explicit -7 and reset restores calculation (0ms)
  ✓  177 tests/derived-values.test.ts:42:5 › skill.investigation preserves explicit 12 and reset restores calculation (0ms)
  ✓  178 tests/derived-values.test.ts:42:5 › skill.medicine preserves explicit 0 and reset restores calculation (0ms)
  ✓  179 tests/derived-values.test.ts:42:5 › skill.medicine preserves explicit -7 and reset restores calculation (0ms)
  ✓  180 tests/derived-values.test.ts:42:5 › skill.medicine preserves explicit 12 and reset restores calculation (0ms)
  ✓  181 tests/derived-values.test.ts:42:5 › skill.nature preserves explicit 0 and reset restores calculation (0ms)
  ✓  182 tests/derived-values.test.ts:42:5 › skill.nature preserves explicit -7 and reset restores calculation (0ms)
  ✓  183 tests/derived-values.test.ts:42:5 › skill.nature preserves explicit 12 and reset restores calculation (0ms)
  ✓  184 tests/derived-values.test.ts:42:5 › skill.perception preserves explicit 0 and reset restores calculation (0ms)
  ✓  185 tests/derived-values.test.ts:42:5 › skill.perception preserves explicit -7 and reset restores calculation (0ms)
  ✓  186 tests/derived-values.test.ts:42:5 › skill.perception preserves explicit 12 and reset restores calculation (0ms)
  ✓  187 tests/derived-values.test.ts:42:5 › skill.performance preserves explicit 0 and reset restores calculation (0ms)
  ✓  188 tests/derived-values.test.ts:42:5 › skill.performance preserves explicit -7 and reset restores calculation (0ms)
  ✓  189 tests/derived-values.test.ts:42:5 › skill.performance preserves explicit 12 and reset restores calculation (0ms)
  ✓  190 tests/derived-values.test.ts:42:5 › skill.persuasion preserves explicit 0 and reset restores calculation (0ms)
  ✓  191 tests/derived-values.test.ts:42:5 › skill.persuasion preserves explicit -7 and reset restores calculation (0ms)
  ✓  192 tests/derived-values.test.ts:42:5 › skill.persuasion preserves explicit 12 and reset restores calculation (0ms)
  ✓  193 tests/derived-values.test.ts:42:5 › skill.religion preserves explicit 0 and reset restores calculation (0ms)
  ✓  194 tests/derived-values.test.ts:42:5 › skill.religion preserves explicit -7 and reset restores calculation (0ms)
  ✓  195 tests/derived-values.test.ts:42:5 › skill.religion preserves explicit 12 and reset restores calculation (0ms)
  ✓  196 tests/derived-values.test.ts:42:5 › skill.sleightOfHand preserves explicit 0 and reset restores calculation (0ms)
  ✓  197 tests/derived-values.test.ts:42:5 › skill.sleightOfHand preserves explicit -7 and reset restores calculation (0ms)
  ✓  198 tests/derived-values.test.ts:42:5 › skill.sleightOfHand preserves explicit 12 and reset restores calculation (0ms)
  ✓  199 tests/derived-values.test.ts:42:5 › skill.stealth preserves explicit 0 and reset restores calculation (0ms)
  ✓  200 tests/derived-values.test.ts:42:5 › skill.stealth preserves explicit -7 and reset restores calculation (0ms)
  ✓  201 tests/derived-values.test.ts:42:5 › skill.stealth preserves explicit 12 and reset restores calculation (0ms)
  ✓  202 tests/derived-values.test.ts:42:5 › skill.survival preserves explicit 0 and reset restores calculation (0ms)
  ✓  203 tests/derived-values.test.ts:42:5 › skill.survival preserves explicit -7 and reset restores calculation (0ms)
  ✓  204 tests/derived-values.test.ts:42:5 › skill.survival preserves explicit 12 and reset restores calculation (0ms)
  ✓  205 tests/derived-values.test.ts:42:5 › proficiencyBonus preserves explicit 0 and reset restores calculation (0ms)
  ✓  206 tests/derived-values.test.ts:42:5 › proficiencyBonus preserves explicit -7 and reset restores calculation (0ms)
  ✓  207 tests/derived-values.test.ts:42:5 › proficiencyBonus preserves explicit 12 and reset restores calculation (0ms)
  ✓  208 tests/derived-values.test.ts:42:5 › passivePerception preserves explicit 0 and reset restores calculation (0ms)
  ✓  209 tests/derived-values.test.ts:42:5 › passivePerception preserves explicit -7 and reset restores calculation (0ms)
  ✓  210 tests/derived-values.test.ts:42:5 › passivePerception preserves explicit 12 and reset restores calculation (0ms)
  ✓  211 tests/derived-values.test.ts:42:5 › initiative preserves explicit 0 and reset restores calculation (0ms)
  ✓  212 tests/derived-values.test.ts:42:5 › initiative preserves explicit -7 and reset restores calculation (0ms)
  ✓  213 tests/derived-values.test.ts:42:5 › initiative preserves explicit 12 and reset restores calculation (0ms)
  ✓  214 tests/derived-values.test.ts:42:5 › spellAttack preserves explicit 0 and reset restores calculation (0ms)
  ✓  215 tests/derived-values.test.ts:42:5 › spellAttack preserves explicit -7 and reset restores calculation (0ms)
  ✓  216 tests/derived-values.test.ts:42:5 › spellAttack preserves explicit 12 and reset restores calculation (0ms)
  ✓  217 tests/derived-values.test.ts:42:5 › spellSaveDC preserves explicit 0 and reset restores calculation (0ms)
  ✓  218 tests/derived-values.test.ts:42:5 › spellSaveDC preserves explicit -7 and reset restores calculation (0ms)
  ✓  219 tests/derived-values.test.ts:42:5 › spellSaveDC preserves explicit 12 and reset restores calculation (0ms)
  ✓  220 tests/derived-values.test.ts:52:1 › effective Ability, proficiency, and Perception overrides flow downstream without mutating inputs (0ms)
  ✓  221 tests/derived-values.test.ts:65:1 › final overrides do not feed unrelated or upstream values (0ms)
  ✓  222 tests/derived-values.test.ts:71:1 › unset spellcasting Ability stays unknown, supports independent zero overrides, and resets to unknown (0ms)
  ✓  223 tests/inventory.test.ts:3:1 › independent items and currency reject stale writes, preserve tombstones and validate amounts (2ms)
  ✓  224 tests/party-backup.test.ts:4:1 › versioned portable backup covers six slots, actual settings and pinned catalog identity (1ms)
  ✓  225 tests/party-backup.test.ts:8:1 › complete Character data, trackers, zero values, legacy HP and tombstones survive projection (1ms)
  ✓  226 tests/party-backup.test.ts:13:1 › unknown fields at every nesting level, secrets and operational receipt never leak (0ms)
  ✓  227 tests/party-backup.test.ts:18:1 › content is deterministic despite storage order and serialization is portable JSON (1ms)
  ✓  228 tests/party-backup.test.ts:23:1 › legacy records normalize absent feature seams and retain unknown HP explicitly (0ms)
  ✓  229 tests/party-backup.test.ts:28:98 › malformed nested scalar name fails closed rather than exporting unknown object (1ms)
  ✓  230 tests/party-backup.test.ts:28:98 › malformed nested scalar ability fails closed rather than exporting unknown object (0ms)
  ✓  231 tests/party-backup.test.ts:28:98 › malformed nested scalar override fails closed rather than exporting unknown object (0ms)
  ✓  232 tests/party-backup.test.ts:28:98 › malformed nested scalar inventory fails closed rather than exporting unknown object (0ms)
  ✓  233 tests/party-backup.test.ts:28:98 › malformed nested scalar spell fails closed rather than exporting unknown object (0ms)
  ✓  234 tests/party-backup.test.ts:28:98 › malformed nested scalar undo fails closed rather than exporting unknown object (0ms)
  ✓  235 tests/party-backup.test.ts:28:98 › malformed nested scalar featured fails closed rather than exporting unknown object (0ms)
  ✓  236 tests/party-state.test.ts:34:3 › survival: accepted saves survive delayed snapshots and genuinely newer snapshots win (3ms)
  ✓  237 tests/party-state.test.ts:34:3 › classes: accepted saves survive delayed snapshots and genuinely newer snapshots win (2ms)
  ✓  238 tests/party-state.test.ts:34:3 › limitedResources: accepted saves survive delayed snapshots and genuinely newer snapshots win (2ms)
  ✓  239 tests/party-state.test.ts:34:3 › inventory: accepted saves survive delayed snapshots and genuinely newer snapshots win (2ms)
  ✓  240 tests/party-state.test.ts:34:3 › textEntries: accepted saves survive delayed snapshots and genuinely newer snapshots win (1ms)
  ✓  241 tests/party-state.test.ts:34:3 › magic: accepted saves survive delayed snapshots and genuinely newer snapshots win (2ms)
  ✓  242 tests/party-state.test.ts:34:3 › conditions: accepted saves survive delayed snapshots and genuinely newer snapshots win (1ms)
  ✓  243 tests/party-state.test.ts:34:3 › combatEntries: accepted saves survive delayed snapshots and genuinely newer snapshots win (3ms)
  ✓  244 tests/party-state.test.ts:50:1 › cross-feature and nested Overview edits combine per version without changing either input (2ms)
  ✓  245 tests/party-state.test.ts:76:1 › accepted Long Rest survives an older snapshot while preserving unrelated Character data (1ms)
  ✓  246 tests/party-state.test.ts:93:1 › initial loads, slot identity/order, claims and untouched slots keep their established behavior (2ms)
  ✓  247 tests/party-state.test.ts:112:1 › equal feature and Overview versions keep incoming values (0ms)
  ✓  248 tests/spell-catalog.test.ts:13:1 › official SRD set has 339 unique spells, full level coverage and validated metadata (3ms)
  ✓  249 tests/spell-catalog.test.ts:30:1 › representative rules match independent official PDF anchors, including revised 2024 mechanics (3ms)
  ✓  250 tests/spell-catalog.test.ts:68:1 › floating creature stat blocks stay with their owning spell and outside scaling effects (2ms)
  ✓  251 tests/spell-catalog.test.ts:85:1 › name and all six filters compose, including false flags and cantrips (1ms)
  ✓  252 tests/spell-catalog.test.ts:108:1 › table outcomes preserve source columns and all rows (1ms)
  ✓  253 tests/survival.test.ts:4:3 › damage 20/5 by 3 (0ms)
  ✓  254 tests/survival.test.ts:4:3 › damage 20/5 by 12 (0ms)
  ✓  255 tests/survival.test.ts:4:3 › damage 4/2 by 99 (0ms)
  ✓  256 tests/survival.test.ts:4:3 › damage 0/9 by 9 (0ms)
  ✓  257 tests/survival.test.ts:4:3 › damage 20/0 by 0 (0ms)
  ✓  258 tests/survival.test.ts:9:91 › healing 1+5 (0ms)
  ✓  259 tests/survival.test.ts:9:91 › healing 19+5 (0ms)
  ✓  260 tests/survival.test.ts:9:91 › healing 0+9999 (0ms)
  ✓  261 tests/survival.test.ts:12:1 › corrections, shared history, maximum guard, survival preservation and single undo (0ms)
  ✓  262 tests/survival.test.ts:22:41 › invalid amount -1 (0ms)
  ✓  263 tests/survival.test.ts:22:41 › invalid amount 1.5 (0ms)
  ✓  264 tests/survival.test.ts:22:41 › invalid amount 10000 (0ms)
  ✓  265 tests/survival.test.ts:22:41 › invalid amount NaN (0ms)
  ✓  266 tests/survival.test.ts:25:1 › unknown HP and bounded death saves; downed status never uses colour alone (0ms)
  ✓  267 tests/survival.test.ts:32:1 › delayed snapshots retain the latest accepted survival version (0ms)
  ✓  268 tests/survival.test.ts:38:136 › neutral subtract 20 by 1 (0ms)
  ✓  269 tests/survival.test.ts:38:136 › neutral subtract 3 by 99 (0ms)
  ✓  270 tests/survival.test.ts:38:136 › neutral add 19 by 5 (0ms)
  ✓  271 tests/survival.test.ts:38:136 › neutral subtract 27 by 1 (0ms)
  ✓  272 tests/survival.test.ts:42:1 › bounded initial setup and correction preserve survival trackers (0ms)

  272 passed (1.9s)
